[Licensing::Module] Trying to connect to existing licensing client channel...
[Licensing::IpcConnector] Successfully connected to: "LicenseClient-golfa" at "2026-09-29T19:06:25.67522Z"
Built from '6000.6/staging' branch; Version is '6000.6.2f1 (770e33f6875c) revision 7802419'; Using compiler version '194234433'; Build Type 'Release'
OS: 'Windows 11  (10.0.26200) Core' Language: 'en' Physical Memory: 16125 MB
BatchMode: 1, IsHumanControllingUs: 0, StartBugReporterOnCrash: 0, Is64bit: 1
System  architecture: x64
Process architecture: x64
Date: 2026-09-29T19:06:25Z
[Licensing::Client] Code 10 while verifying Licensing Client signature (process Id: 21376, path: "C:/Program Files/Unity Hub/UnityLicensingClient_V1/Unity.Licensing.Client.exe")
[Licensing::Module] LicensingClient has failed validation; ignoring
[Licensing::Client] Handshaking with LicensingClient:
  Version:                 1.18.3+d7ffd15
  Session Id:              771f84824f5046ed845e5146b99a4fb4
  Correlation Id:          170f0f62da89a6ae2013fa07fa0ff733
  External correlation Id: 1039907502638845046
  Machine Id:              FUnE4I3JiGVUYJ7CitaydDp0Olk=
[Licensing::Module] Successfully connected to LicensingClient on channel: "LicenseClient-golfa" (connect: 0.00s, validation: 0.00s, handshake: 0.10s)
[Licensing::IpcConnector] Successfully connected to: "LicenseClient-golfa-notifications" at "2026-09-29T19:06:25.7821873Z"
[Licensing::Module] Licensing Background thread has ended after 0.11s

COMMAND LINE ARGUMENTS:
C:\Program Files\Unity\Hub\Editor\6000.6.2f1\Editor\Unity.exe
-adb2
-batchMode
-noUpm
-name
AssetImportWorkerHW0
-projectPath
C:/Users/golfa/Flappybird
-logFile
Logs/AssetImportWorkerHW0.log
-srvPort
49785
-parentPid
36712
-analyticsCloudUserId
anonymous
-analyticsLocalProjectId
4bade75812b9f554db24572df401d81e
-editorAnalyticsEnabled
1
-cbmEditorLicense
2483fd98348eaff93f7cb9b040f9533a53650a6a
-cbmMachineId
FUnE4I3JiGVUYJ7CitaydDp0Olk=
-licensingIpc
LicenseClient-golfa
-noDiagnosticSwitchPersistentStore
-job-worker-count
9
-background-job-worker-count
8
-asset-garbage-collectors
1
-force-d3d12
-name
AssetImport
Successfully changed project path to: C:/Users/golfa/Flappybird
C:/Users/golfa/Flappybird
[UnityMemory] Configuration Parameters - Can be set up in boot.config
    "memorysetup-temp-allocator-size-gi-baking-worker=262144"
    "memorysetup-temp-allocator-size-gi-baking-worker=262144"
    "memorysetup-temp-allocator-size-gi-baking-worker=262144"
    "memorysetup-temp-allocator-size-gi-baking-worker=262144"
    "memorysetup-temp-allocator-size-gi-baking-worker=262144"
    "memorysetup-temp-allocator-size-nav-mesh-worker=65536"
    "memorysetup-temp-allocator-size-audio-worker=65536"
    "memorysetup-temp-allocator-size-cloud-worker=32768"
    "memorysetup-temp-allocator-size-gfx=262144"
    "memorysetup-remapper-allocator-initial-capacity=32768"
    "memorysetup-temp-allocator-size-preload-manager=33554432"
    "memorysetup-allocator-temp-initial-block-size-main=262144"
    "memorysetup-allocator-temp-initial-block-size-worker=262144"
    "memorysetup-temp-allocator-size-job-worker=262144"
    "memorysetup-temp-allocator-size-background-worker=32768"
    "memorysetup-bucket-allocator-granularity=16"
    "memorysetup-bucket-allocator-bucket-count=8"
    "memorysetup-bucket-allocator-block-size=33554432"
    "memorysetup-bucket-allocator-block-count=8"
    "memorysetup-main-allocator-block-size=16777216"
    "memorysetup-thread-allocator-block-size=16777216"
    "memorysetup-main-allocator-mimalloc-enabled=1"
    "memorysetup-gfx-main-allocator-block-size=16777216"
    "memorysetup-gfx-thread-allocator-block-size=16777216"
    "memorysetup-cache-allocator-block-size=4194304"
    "memorysetup-typetree-allocator-block-size=2097152"
    "memorysetup-profiler-bucket-allocator-granularity=16"
    "memorysetup-profiler-bucket-allocator-bucket-count=8"
    "memorysetup-profiler-bucket-allocator-block-size=33554432"
    "memorysetup-profiler-bucket-allocator-block-count=8"
    "memorysetup-profiler-allocator-block-size=16777216"
    "memorysetup-profiler-editor-allocator-block-size=1048576"
    "memorysetup-temp-allocator-size-main=16777216"
    "memorysetup-job-temp-allocator-block-size=2097152"
    "memorysetup-job-temp-allocator-block-size-background=1048576"
    "memorysetup-job-temp-allocator-reduction-small-platforms=262144"
Player connection [33660]  Target information:

Player connection [33660]  * "[IP] 192.168.1.100 [Port] 0 [Flags] 2 [Guid] 1643281549 [EditorId] 1643281549 [Version] 1048832 [Id] WindowsEditor(7,Onejack) [Debug] 1 [PackageName] WindowsEditor [ProjectName] Editor" 

Player connection [33660] Host joined multi-casting on [225.0.0.222:54997]...
Player connection [33660] Host joined alternative multi-casting on [225.0.0.222:34997]...
JobSystem: Creating JobQueue using job-worker-count value 9
Input System module state changed to: Initialized.
[Physics::Module] Initialized fallback backend.
[Physics::Module] Id: 0xdecafbad
Library Redirect Path: Library/
Initialising UDS system complete:
  - System type: Client
  - Resource namespace: b5d9d5ba631dfb40ee544b9ca3b3199c
  - Shared memory size: 1073741824
  - Command buffer id: 1052576
  - Command buffer size: 8192
  - Hashmap size: 4194304
  - Service connected: true
  - Service working directory: Library/DataStore/
[Physics::Module] Selected backend.
[Physics::Module] Name: PhysX
[Physics::Module] Id: 0xf2b8ea05
[Physics::Module] SDK Version: 4.1.2
[Physics::Module] Integration Version: 1.0.0
[Physics::Module] Threading Mode: Multi-Threaded
Refreshing native plugins compatible for Editor in 36.00 ms, found 5 plugins.
Initialize engine version: 6000.6.2f1 (770e33f6875c)
[EntityIdStore] init: VM path (explicit commit), pageSize=4096, blockCount=1048576, entitiesPerBlock=256, slots reserved=4294967296 bytes
[Subsystems] Discovering subsystems at path C:/Program Files/Unity/Hub/Editor/6000.6.2f1/Editor/Data/Resources/UnitySubsystems
[Subsystems] Discovering subsystems at path C:/Users/golfa/Flappybird/Assets
Forcing GfxDevice: Direct3D 12
GfxDevice: creating device client; kGfxThreadingModeNonThreaded
d3d12: failed to query info queue interface (0x80004002).
Direct3D:
    Version:         Direct3D 12 [level 12.2]
    Renderer:        NVIDIA GeForce RTX 4060 Ti (ID=0x2803)
    Vendor:          NVIDIA
    VRAM:            7949 MB
    App VRAM Budget: 7181 MB
    Driver:          32.0.16.1088
Initialize mono
Mono path[0] = 'C:/Program Files/Unity/Hub/Editor/6000.6.2f1/Editor/Data/Managed'
Mono path[1] = 'C:/Program Files/Unity/Hub/Editor/6000.6.2f1/Editor/Data/BCLExtensions/runtime/netstandard2.1'
Mono path[2] = 'C:/Program Files/Unity/Hub/Editor/6000.6.2f1/Editor/Data/MonoBleedingEdge/lib/mono/unityjit-win32'
Mono config path = 'C:/Program Files/Unity/Hub/Editor/6000.6.2f1/Editor/Data/MonoBleedingEdge/etc'
Using monoOptions --debugger-agent=transport=dt_socket,embedding=1,server=y,suspend=n,address=127.0.0.1:56208
CodeReloadManager initialized
Begin MonoManager ReloadAssembly
Registering precompiled unity dll's ...
Register platform support module: C:/Program Files/Unity/Hub/Editor/6000.6.2f1/Editor/Data/PlaybackEngines/WindowsStandaloneSupport/UnityEditor.WindowsStandalone.Extensions.dll
Registered in 0.004031 seconds.
Native extension for WindowsStandalone target not found
Package Manager log level set to [2]
[Package Manager] Failed to launch server process. Reason: Unity was launched with the -noUpm command-line argument
[Package Manager] Unable to send message (not connected to server process).
[Package Manager] Cannot connect to Unity Package Manager local server
ScheduleIndexationOnStartup MainProcess:False IndexOnStartup:True
Scripting: successfully reloaded assembly
- Finished resetting the current domain, in  2.249 seconds
Domain Reload Profiling: 5253ms
	BeginReloadAssembly (533ms)
	RebuildCommonClasses (10ms)
	RebuildNativeTypeToScriptingClass (43ms)
	initialDomainReloadingComplete (180ms)
	LoadAllAssembliesAndSetupDomain (2225ms)
		LoadAssemblies (526ms)
		TypeCache.Refresh (1441ms)
			TypeCache.ScanAssembly (1307ms)
		AnalyzeDomain (6ms)
	FinalizeReload (2262ms)
		SetupLoadedEditorAssemblies (0ms)
			LogAssemblyErrors (7ms)
			InitializePlatformSupportModulesInManaged (11ms)
			BeforeProcessingInitializeOnLoad (395ms)
			ProcessInitializeOnLoadAttributes (406ms)
			ProcessInitializeOnLoadMethodAttributes (1060ms)
Initializing Unity extensions:
[Licensing::Client] Successfully resolved entitlement details
[Licensing::Module] License group:
  Id: 18967218653225-UnityPersXXXX
  Product: Unity Personal
  Type: Assigned
  Expiration: Unlimited
========================================================================
Worker process is ready to serve import requests
Import Worker Mode flag is 0x00
Begin MonoManager ReloadAssembly
'Packages/com.unity.render-pipelines.core/Editor/Deprecated.cs' contains partial class of Unity.Object, exactly 1 of the partial classes needs to be in a file with the same filename. This is to know the one that can be referenced from ie. GameObjects
'Packages/com.unity.render-pipelines.core/Editor/Deprecated.cs' contains partial class of Unity.Object, exactly 1 of the partial classes needs to be in a file with the same filename. This is to know the one that can be referenced from ie. GameObjects
Refreshing native plugins compatible for Editor in 30.75 ms, found 5 plugins.
Native extension for WindowsStandalone target not found
[Package Manager] Failed to launch server process. Reason: Unity was launched with the -noUpm command-line argument
[Package Manager] Unable to send message (not connected to server process).
[Package Manager] Cannot connect to Unity Package Manager local server
Refreshing native plugins compatible for Editor in 5.60 ms, found 5 plugins.
[Package Manager] Failed to launch server process. Reason: Unity was launched with the -noUpm command-line argument
[Package Manager] Unable to send message (not connected to server process).
[Package Manager] Cannot connect to Unity Package Manager local server
ScheduleIndexationOnStartup MainProcess:False IndexOnStartup:True
Scripting: successfully reloaded assembly
- Finished resetting the current domain, in  2.132 seconds
Domain Reload Profiling: 5582ms
	BeginReloadAssembly (488ms)
		DisableScriptedObjects (15ms)
		CreateAndSetChildDomain (50ms)
	RebuildCommonClasses (16ms)
	RebuildNativeTypeToScriptingClass (39ms)
	initialDomainReloadingComplete (192ms)
	LoadAllAssembliesAndSetupDomain (2714ms)
		LoadAssemblies (1074ms)
		TypeCache.Refresh (557ms)
			TypeCache.ScanAssembly (488ms)
		AnalyzeDomain (412ms)
			BuildScriptInfoCaches (377ms)
			ResolveRequiredComponents (10ms)
	FinalizeReload (2134ms)
		SetupLoadedEditorAssemblies (0ms)
			LogAssemblyErrors (7ms)
			InitializePlatformSupportModulesInManaged (8ms)
			BeforeProcessingInitializeOnLoad (303ms)
			ProcessInitializeOnLoadAttributes (724ms)
			ProcessInitializeOnLoadMethodAttributes (487ms)
			AfterProcessingInitializeOnLoad (14ms)
			EditorAssembliesLoaded (4ms)
		AwakeInstancesAfterBackupRestoration (18ms)
AcceleratorClientConnectionCallback - disconnected - :0
Launched and connected shader compiler UnityShaderCompiler.exe after 0.02 seconds
Refreshing native plugins compatible for Editor in 6.42 ms, found 5 plugins.
Unloading 24 Unused Serialized files (Serialized files now loaded: 0)
Unloading 7522 unused Assets / (10.3 MB). Loaded Objects now: 8513.
Memory consumption went from 369.7 MB to 359.4 MB.
Total: 28.120400 ms (FindLiveObjects: 2.222400 ms CreateObjectMapping: 0.889000 ms MarkObjects: 14.300500 ms  DeleteObjects: 10.228600 ms)

========================================================================
Received Prepare
AcceleratorClientConnectionCallback - disconnected - :0
Begin MonoManager ReloadAssembly
'Packages/com.unity.render-pipelines.core/Editor/Deprecated.cs' contains partial class of Unity.Object, exactly 1 of the partial classes needs to be in a file with the same filename. This is to know the one that can be referenced from ie. GameObjects
'Packages/com.unity.render-pipelines.core/Editor/Deprecated.cs' contains partial class of Unity.Object, exactly 1 of the partial classes needs to be in a file with the same filename. This is to know the one that can be referenced from ie. GameObjects
Refreshing native plugins compatible for Editor in 42.54 ms, found 5 plugins.
Native extension for WindowsStandalone target not found
[Package Manager] Failed to launch server process. Reason: Unity was launched with the -noUpm command-line argument
[Package Manager] Unable to send message (not connected to server process).
[Package Manager] Cannot connect to Unity Package Manager local server
[Package Manager] Failed to launch server process. Reason: Unity was launched with the -noUpm command-line argument
[Package Manager] Unable to send message (not connected to server process).
[Package Manager] Cannot connect to Unity Package Manager local server
ScheduleIndexationOnStartup MainProcess:False IndexOnStartup:True
Scripting: successfully reloaded assembly
- Finished resetting the current domain, in  2.486 seconds
Domain Reload Profiling: 4573ms
	BeginReloadAssembly (809ms)
		DisableScriptedObjects (55ms)
		CreateAndSetChildDomain (217ms)
	RebuildCommonClasses (20ms)
	RebuildNativeTypeToScriptingClass (41ms)
	initialDomainReloadingComplete (131ms)
	LoadAllAssembliesAndSetupDomain (1084ms)
		LoadAssemblies (934ms)
		TypeCache.Refresh (15ms)
		AnalyzeDomain (19ms)
			ResolveRequiredComponents (10ms)
	FinalizeReload (2488ms)
		SetupLoadedEditorAssemblies (0ms)
			LogAssemblyErrors (4ms)
			InitializePlatformSupportModulesInManaged (4ms)
			BeforeProcessingInitializeOnLoad (286ms)
			ProcessInitializeOnLoadAttributes (864ms)
			ProcessInitializeOnLoadMethodAttributes (190ms)
			AfterProcessingInitializeOnLoad (22ms)
			EditorAssembliesLoaded (3ms)
		AwakeInstancesAfterBackupRestoration (62ms)
Refreshing native plugins compatible for Editor in 7.69 ms, found 5 plugins.
Unloading 24 Unused Serialized files (Serialized files now loaded: 0)
Unloading 7520 unused Assets / (7.4 MB). Loaded Objects now: 8517.
Memory consumption went from 361.1 MB to 353.6 MB.
Total: 16.643800 ms (FindLiveObjects: 1.169800 ms CreateObjectMapping: 1.324900 ms MarkObjects: 10.443200 ms  DeleteObjects: 3.363700 ms)

Prepare: number of updated asset objects reloaded= 0
========================================================================
Received Import Request.
  Time of request: 2026-09-29T19:06:52.1026901Z
  Time since last request: 174284.11145659998874 seconds.
  importAddress: GUID: 8c9cfa26abfee488c85f1582747f6a02 - Path: Assets/Scenes/SampleScene.unity - Importer: ScriptedImporter/UnityEditor.QuickSearchModule:UnityEditor.Search:ASIAI0B
Importing 'GUID: 8c9cfa26abfee488c85f1582747f6a02 - Path: Assets/Scenes/SampleScene.unity - Importer: ScriptedImporter/UnityEditor.QuickSearchModule:UnityEditor.Search:ASIAI0B' with importer (ScriptedImporter : UnityEditor.QuickSearchModule:UnityEditor.Search:ASIAI0B)
Imported 'GUID: 8c9cfa26abfee488c85f1582747f6a02' -> (Import Result ID: '36b5748bf80d4ed3cd1f965ef6da70ae') in 0.389 seconds [static and dynamic dependencies]. Details - ImportResultOutputID=ece84062c120fcc26b257aba4afaca77 DependenciesID=24cf9522e1b88b31b3a5a774eeaad4a9 StaticDependenciesID=d5594f4af6b98e6450df28b3ff24539f 
Number of updated asset objects reloaded before import = 0
Number of asset objects unloaded after import = 1
========================================================================
Received Import Request.
  Time of request: 2026-09-29T19:06:52.5502318Z
  Time since last request: 0.0041992 seconds.
  importAddress: GUID: 1826d09a4b778a6469c3a046c8c0f060 - Path: Assets/Script/PauseManager.cs - Importer: ScriptedImporter/UnityEditor.QuickSearchModule:UnityEditor.Search:ASIAI0B
Importing 'GUID: 1826d09a4b778a6469c3a046c8c0f060 - Path: Assets/Script/PauseManager.cs - Importer: ScriptedImporter/UnityEditor.QuickSearchModule:UnityEditor.Search:ASIAI0B' with importer (ScriptedImporter : UnityEditor.QuickSearchModule:UnityEditor.Search:ASIAI0B)
Imported 'GUID: 1826d09a4b778a6469c3a046c8c0f060' -> (Import Result ID: 'aa7c0507a7e33ac0908d6f82fbd781d5') in 0.072 seconds [static and dynamic dependencies]. Details - ImportResultOutputID=9799cd603d907415c9aaa73d0f62a0f4 DependenciesID=e93b2dbecc0068d97c94781f58c68aa5 StaticDependenciesID=e3703dd55bb9b894e73e5da7991ca26c 
Number of updated asset objects reloaded before import = 0
Number of asset objects unloaded after import = 0
========================================================================
Received Prepare
AcceleratorClientConnectionCallback - disconnected - :0
'Packages/com.unity.render-pipelines.core/Editor/Deprecated.cs' contains partial class of Unity.Object, exactly 1 of the partial classes needs to be in a file with the same filename. This is to know the one that can be referenced from ie. GameObjects
'Packages/com.unity.render-pipelines.core/Editor/Deprecated.cs' contains partial class of Unity.Object, exactly 1 of the partial classes needs to be in a file with the same filename. This is to know the one that can be referenced from ie. GameObjects
Refreshing native plugins compatible for Editor in 6.51 ms, found 5 plugins.
Unloading 24 Unused Serialized files (Serialized files now loaded: 0)
Unloading 7505 unused Assets / (6.8 MB). Loaded Objects now: 8519.
Memory consumption went from 362.1 MB to 355.2 MB.
Total: 598.852300 ms (FindLiveObjects: 14.126300 ms CreateObjectMapping: 2.577600 ms MarkObjects: 575.269600 ms  DeleteObjects: 5.993600 ms)

Prepare: number of updated asset objects reloaded= 0
========================================================================
Received Import Request.
  Time of request: 2026-09-29T19:14:06.7354545Z
  Time since last request: 434.08249769999998 seconds.
  importAddress: GUID: 82b1e99d17c6aa842b8e1d57697cc51c - Path: Assets/Script/PipeSpawner.cs - Importer: ScriptedImporter/UnityEditor.QuickSearchModule:UnityEditor.Search:ASIAI0B
Importing 'GUID: 82b1e99d17c6aa842b8e1d57697cc51c - Path: Assets/Script/PipeSpawner.cs - Importer: ScriptedImporter/UnityEditor.QuickSearchModule:UnityEditor.Search:ASIAI0B' with importer (ScriptedImporter : UnityEditor.QuickSearchModule:UnityEditor.Search:ASIAI0B)
Imported 'GUID: 82b1e99d17c6aa842b8e1d57697cc51c' -> (Import Result ID: '6e07ec01560ffde525741d18755fca46') in 0.176 seconds [static and dynamic dependencies]. Details - ImportResultOutputID=795826b83ff2f7d94e71413d40a2edaf DependenciesID=18d6ee5336be432f87da7730db40e8d6 StaticDependenciesID=0a7b5c5f62f8d0eb0424420dfefba8ad 
Number of updated asset objects reloaded before import = 0
Number of asset objects unloaded after import = 0
========================================================================
Received Prepare
AcceleratorClientConnectionCallback - disconnected - :0
[Licensing::Client] Successfully resolved entitlement details
Begin MonoManager ReloadAssembly
'Packages/com.unity.render-pipelines.core/Editor/Deprecated.cs' contains partial class of Unity.Object, exactly 1 of the partial classes needs to be in a file with the same filename. This is to know the one that can be referenced from ie. GameObjects
'Packages/com.unity.render-pipelines.core/Editor/Deprecated.cs' contains partial class of Unity.Object, exactly 1 of the partial classes needs to be in a file with the same filename. This is to know the one that can be referenced from ie. GameObjects
Refreshing native plugins compatible for Editor in 5.83 ms, found 5 plugins.
Native extension for WindowsStandalone target not found
[Package Manager] Failed to launch server process. Reason: Unity was launched with the -noUpm command-line argument
[Package Manager] Unable to send message (not connected to server process).
[Package Manager] Cannot connect to Unity Package Manager local server
[Package Manager] Failed to launch server process. Reason: Unity was launched with the -noUpm command-line argument
[Package Manager] Unable to send message (not connected to server process).
[Package Manager] Cannot connect to Unity Package Manager local server
ScheduleIndexationOnStartup MainProcess:False IndexOnStartup:True
Scripting: successfully reloaded assembly
- Finished resetting the current domain, in  2.345 seconds
Domain Reload Profiling: 8589ms
	BeginReloadAssembly (2730ms)
		DisableScriptedObjects (323ms)
		ReleaseScriptingObjects (4ms)
		CreateAndSetChildDomain (757ms)
	RebuildCommonClasses (25ms)
	RebuildNativeTypeToScriptingClass (41ms)
	initialDomainReloadingComplete (263ms)
	LoadAllAssembliesAndSetupDomain (3183ms)
		LoadAssemblies (2336ms)
		TypeCache.Refresh (65ms)
		AnalyzeDomain (767ms)
			BuildScriptInfoCaches (710ms)
			ResolveRequiredComponents (20ms)
	FinalizeReload (2348ms)
		SetupLoadedEditorAssemblies (0ms)
			LogAssemblyErrors (9ms)
			InitializePlatformSupportModulesInManaged (4ms)
			BeforeProcessingInitializeOnLoad (335ms)
			ProcessInitializeOnLoadAttributes (889ms)
			ProcessInitializeOnLoadMethodAttributes (265ms)
			AfterProcessingInitializeOnLoad (23ms)
			EditorAssembliesLoaded (9ms)
		AwakeInstancesAfterBackupRestoration (70ms)
Refreshing native plugins compatible for Editor in 4.47 ms, found 5 plugins.
Unloading 24 Unused Serialized files (Serialized files now loaded: 0)
Unloading 7520 unused Assets / (7.4 MB). Loaded Objects now: 8522.
Memory consumption went from 372.5 MB to 365.1 MB.
Total: 21.956900 ms (FindLiveObjects: 2.777500 ms CreateObjectMapping: 1.820700 ms MarkObjects: 12.353800 ms  DeleteObjects: 4.521900 ms)

Prepare: number of updated asset objects reloaded= 0
========================================================================
Received Import Request.
  Time of request: 2026-09-29T19:21:47.6437666Z
  Time since last request: 460.59174339999998 seconds.
  importAddress: GUID: 68d93eff07252394dafedc22ff46967e - Path: Assets/Prefab/PipePair.prefab - Importer: PreviewImporter
Importing 'GUID: 68d93eff07252394dafedc22ff46967e - Path: Assets/Prefab/PipePair.prefab - Importer: PreviewImporter' with importer (PreviewImporter)
Imported 'GUID: 68d93eff07252394dafedc22ff46967e' -> (Import Result ID: 'cfd8c712751867efceb112dda33a0831') in 3.606 seconds [static and dynamic dependencies]. Details - ImportResultOutputID=efca1f68eb9eb42d12e7e2e7c4b17698 DependenciesID=fbbfc09f6b3aa949b5b5133a035e16c3 StaticDependenciesID=9a58bb3582a64bdb97fe36a8fc40c688 
Number of updated asset objects reloaded before import = 0
Number of asset objects unloaded after import = 37
========================================================================
Received Prepare
AcceleratorClientConnectionCallback - disconnected - :0
Refreshing native plugins compatible for Editor in 7.74 ms, found 5 plugins.
Unloading 24 Unused Serialized files (Serialized files now loaded: 0)
Unloading 24 unused Assets / (3.0 MB). Loaded Objects now: 8626.
Memory consumption went from 377.6 MB to 374.6 MB.
Total: 160.126400 ms (FindLiveObjects: 4.057700 ms CreateObjectMapping: 2.157300 ms MarkObjects: 149.946100 ms  DeleteObjects: 1.625000 ms)

Prepare: number of updated asset objects reloaded= 0
========================================================================
Received Prepare
AcceleratorClientConnectionCallback - disconnected - :0
Refreshing native plugins compatible for Editor in 4.14 ms, found 5 plugins.
Unloading 24 Unused Serialized files (Serialized files now loaded: 0)
Unloading 24 unused Assets / (3.0 MB). Loaded Objects now: 8626.
Memory consumption went from 380.6 MB to 377.6 MB.
Total: 24.792800 ms (FindLiveObjects: 1.527900 ms CreateObjectMapping: 0.850500 ms MarkObjects: 19.155400 ms  DeleteObjects: 2.523800 ms)

Prepare: number of updated asset objects reloaded= 0
========================================================================
Received Import Request.
  Time of request: 2026-09-29T19:22:17.6751497Z
  Time since last request: 26.0824185 seconds.
  importAddress: GUID: 68d93eff07252394dafedc22ff46967e - Path: Assets/Prefab/PipePair.prefab - Importer: ScriptedImporter/UnityEditor.QuickSearchModule:UnityEditor.Search:ASIAI0B
Importing 'GUID: 68d93eff07252394dafedc22ff46967e - Path: Assets/Prefab/PipePair.prefab - Importer: ScriptedImporter/UnityEditor.QuickSearchModule:UnityEditor.Search:ASIAI0B' with importer (ScriptedImporter : UnityEditor.QuickSearchModule:UnityEditor.Search:ASIAI0B)
Imported 'GUID: 68d93eff07252394dafedc22ff46967e' -> (Import Result ID: '64b420bf6bdfed9af1d538c1ccb453ff') in 1.258 seconds [static and dynamic dependencies]. Details - ImportResultOutputID=6d8e83e1497578d022bb21f2562ff409 DependenciesID=e46c0887d55a0ebd6b7565f0c35285b6 StaticDependenciesID=311c468770b012f1e93a974c00c5cede 
Number of updated asset objects reloaded before import = 0
Number of asset objects unloaded after import = 16
========================================================================
Received Prepare
AcceleratorClientConnectionCallback - disconnected - :0
'Packages/com.unity.render-pipelines.core/Editor/Deprecated.cs' contains partial class of Unity.Object, exactly 1 of the partial classes needs to be in a file with the same filename. This is to know the one that can be referenced from ie. GameObjects
'Packages/com.unity.render-pipelines.core/Editor/Deprecated.cs' contains partial class of Unity.Object, exactly 1 of the partial classes needs to be in a file with the same filename. This is to know the one that can be referenced from ie. GameObjects
Refreshing native plugins compatible for Editor in 4.87 ms, found 5 plugins.
Unloading 24 Unused Serialized files (Serialized files now loaded: 0)
Unloading 7506 unused Assets / (6.1 MB). Loaded Objects now: 8627.
Memory consumption went from 387.5 MB to 381.5 MB.
Total: 31.503200 ms (FindLiveObjects: 1.744700 ms CreateObjectMapping: 2.362700 ms MarkObjects: 23.109300 ms  DeleteObjects: 3.793100 ms)

Prepare: number of updated asset objects reloaded= 0
========================================================================
Received Import Request.
  Time of request: 2026-09-29T19:22:31.5210327Z
  Time since last request: 12.5409889 seconds.
  importAddress: GUID: 750ece9d56c51fb42bfeee931292e633 - Path: Assets/Script/BirdDeath.cs - Importer: PreviewImporter
Importing 'GUID: 750ece9d56c51fb42bfeee931292e633 - Path: Assets/Script/BirdDeath.cs - Importer: PreviewImporter' with importer (PreviewImporter)
Imported 'GUID: 750ece9d56c51fb42bfeee931292e633' -> (Import Result ID: '80ff91b5cc3b8b62214f5fdb879dcb6b') in 0.025 seconds [static and dynamic dependencies]. Details - ImportResultOutputID=1d58e3a182b0daa5281f25cbc6aa92f1 DependenciesID=b76889b1f90bf812006a7df07ae9264e StaticDependenciesID=c2b304aa8a47379ce29a0d7a3b8dba37 
Number of updated asset objects reloaded before import = 0
Number of asset objects unloaded after import = 0
========================================================================
Received Import Request.
  Time of request: 2026-09-29T19:22:32.2818795Z
  Time since last request: 0.7019438 seconds.
  importAddress: GUID: 750ece9d56c51fb42bfeee931292e633 - Path: Assets/Script/BirdDeath.cs - Importer: ScriptedImporter/UnityEditor.QuickSearchModule:UnityEditor.Search:ASIAI0B
Importing 'GUID: 750ece9d56c51fb42bfeee931292e633 - Path: Assets/Script/BirdDeath.cs - Importer: ScriptedImporter/UnityEditor.QuickSearchModule:UnityEditor.Search:ASIAI0B' with importer (ScriptedImporter : UnityEditor.QuickSearchModule:UnityEditor.Search:ASIAI0B)
Imported 'GUID: 750ece9d56c51fb42bfeee931292e633' -> (Import Result ID: '3e3bc470cf4f4444a9dcb85b69639f6e') in 0.020 seconds [static and dynamic dependencies]. Details - ImportResultOutputID=654e1f61b026c47740449bf3e934328e DependenciesID=db5d138e905a02ccfe341a80bace412e StaticDependenciesID=32cb41ef9c9bb49b54af664426af19d5 
Number of updated asset objects reloaded before import = 0
Number of asset objects unloaded after import = 0
========================================================================
Received Prepare
AcceleratorClientConnectionCallback - disconnected - :0
[Licensing::Client] Successfully resolved entitlement details
Begin MonoManager ReloadAssembly
'Packages/com.unity.render-pipelines.core/Editor/Deprecated.cs' contains partial class of Unity.Object, exactly 1 of the partial classes needs to be in a file with the same filename. This is to know the one that can be referenced from ie. GameObjects
'Packages/com.unity.render-pipelines.core/Editor/Deprecated.cs' contains partial class of Unity.Object, exactly 1 of the partial classes needs to be in a file with the same filename. This is to know the one that can be referenced from ie. GameObjects
Refreshing native plugins compatible for Editor in 2.49 ms, found 5 plugins.
Native extension for WindowsStandalone target not found
[Package Manager] Failed to launch server process. Reason: Unity was launched with the -noUpm command-line argument
[Package Manager] Unable to send message (not connected to server process).
[Package Manager] Cannot connect to Unity Package Manager local server
[Package Manager] Failed to launch server process. Reason: Unity was launched with the -noUpm command-line argument
[Package Manager] Unable to send message (not connected to server process).
[Package Manager] Cannot connect to Unity Package Manager local server
ScheduleIndexationOnStartup MainProcess:False IndexOnStartup:True
Scripting: successfully reloaded assembly
- Finished resetting the current domain, in  3.377 seconds
Domain Reload Profiling: 10407ms
	BeginReloadAssembly (1866ms)
		DisableScriptedObjects (368ms)
		CreateAndSetChildDomain (691ms)
	RebuildCommonClasses (25ms)
	RebuildNativeTypeToScriptingClass (43ms)
	initialDomainReloadingComplete (234ms)
	LoadAllAssembliesAndSetupDomain (4859ms)
		LoadAssemblies (3629ms)
		TypeCache.Refresh (77ms)
		AnalyzeDomain (998ms)
			BuildScriptInfoCaches (947ms)
			ResolveRequiredComponents (26ms)
	FinalizeReload (3380ms)
		SetupLoadedEditorAssemblies (0ms)
			LogAssemblyErrors (13ms)
			InitializePlatformSupportModulesInManaged (6ms)
			BeforeProcessingInitializeOnLoad (400ms)
			ProcessInitializeOnLoadAttributes (1175ms)
			ProcessInitializeOnLoadMethodAttributes (341ms)
			AfterProcessingInitializeOnLoad (40ms)
			EditorAssembliesLoaded (15ms)
		AwakeInstancesAfterBackupRestoration (85ms)
Refreshing native plugins compatible for Editor in 3.30 ms, found 5 plugins.
Unloading 24 Unused Serialized files (Serialized files now loaded: 0)
Unloading 7521 unused Assets / (6.8 MB). Loaded Objects now: 8555.
Memory consumption went from 382.2 MB to 375.4 MB.
Total: 19.679400 ms (FindLiveObjects: 2.075600 ms CreateObjectMapping: 2.667200 ms MarkObjects: 11.096200 ms  DeleteObjects: 3.442600 ms)

Prepare: number of updated asset objects reloaded= 0
========================================================================
Received Prepare
AcceleratorClientConnectionCallback - disconnected - :0
Begin MonoManager ReloadAssembly
'Packages/com.unity.render-pipelines.core/Editor/Deprecated.cs' contains partial class of Unity.Object, exactly 1 of the partial classes needs to be in a file with the same filename. This is to know the one that can be referenced from ie. GameObjects
'Packages/com.unity.render-pipelines.core/Editor/Deprecated.cs' contains partial class of Unity.Object, exactly 1 of the partial classes needs to be in a file with the same filename. This is to know the one that can be referenced from ie. GameObjects
Refreshing native plugins compatible for Editor in 7.21 ms, found 5 plugins.
Native extension for WindowsStandalone target not found
[Package Manager] Failed to launch server process. Reason: Unity was launched with the -noUpm command-line argument
[Package Manager] Unable to send message (not connected to server process).
[Package Manager] Cannot connect to Unity Package Manager local server
[Package Manager] Failed to launch server process. Reason: Unity was launched with the -noUpm command-line argument
[Package Manager] Unable to send message (not connected to server process).
[Package Manager] Cannot connect to Unity Package Manager local server
ScheduleIndexationOnStartup MainProcess:False IndexOnStartup:True
Scripting: successfully reloaded assembly
- Finished resetting the current domain, in  2.746 seconds
Domain Reload Profiling: 6326ms
	BeginReloadAssembly (954ms)
		DisableScriptedObjects (64ms)
		CreateAndSetChildDomain (157ms)
	RebuildCommonClasses (36ms)
	RebuildNativeTypeToScriptingClass (54ms)
	initialDomainReloadingComplete (216ms)
	LoadAllAssembliesAndSetupDomain (2318ms)
		LoadAssemblies (1292ms)
		TypeCache.Refresh (44ms)
		AnalyzeDomain (853ms)
			BuildScriptInfoCaches (805ms)
			ResolveRequiredComponents (40ms)
	FinalizeReload (2748ms)
		SetupLoadedEditorAssemblies (0ms)
			LogAssemblyErrors (4ms)
			InitializePlatformSupportModulesInManaged (5ms)
			BeforeProcessingInitializeOnLoad (459ms)
			ProcessInitializeOnLoadAttributes (757ms)
			ProcessInitializeOnLoadMethodAttributes (225ms)
			AfterProcessingInitializeOnLoad (21ms)
			EditorAssembliesLoaded (4ms)
		AwakeInstancesAfterBackupRestoration (63ms)
Refreshing native plugins compatible for Editor in 8.55 ms, found 5 plugins.
Unloading 24 Unused Serialized files (Serialized files now loaded: 0)
Unloading 7521 unused Assets / (7.6 MB). Loaded Objects now: 8558.
Memory consumption went from 385.3 MB to 377.7 MB.
Total: 21.322800 ms (FindLiveObjects: 1.612300 ms CreateObjectMapping: 2.174700 ms MarkObjects: 13.040500 ms  DeleteObjects: 4.034400 ms)

Prepare: number of updated asset objects reloaded= 0
========================================================================
Received Prepare
AcceleratorClientConnectionCallback - disconnected - :0
Refreshing native plugins compatible for Editor in 4.63 ms, found 5 plugins.
Unloading 24 Unused Serialized files (Serialized files now loaded: 0)
Unloading 24 unused Assets / (3.3 MB). Loaded Objects now: 8558.
Memory consumption went from 383.2 MB to 379.9 MB.
Total: 17.733400 ms (FindLiveObjects: 1.009700 ms CreateObjectMapping: 0.554700 ms MarkObjects: 13.818500 ms  DeleteObjects: 1.494600 ms)

Prepare: number of updated asset objects reloaded= 0
========================================================================
Received Prepare
AcceleratorClientConnectionCallback - disconnected - :0
Refreshing native plugins compatible for Editor in 5.32 ms, found 5 plugins.
Unloading 24 Unused Serialized files (Serialized files now loaded: 0)
Unloading 24 unused Assets / (3.0 MB). Loaded Objects now: 8558.
Memory consumption went from 386.2 MB to 383.1 MB.
Total: 27.758800 ms (FindLiveObjects: 2.376900 ms CreateObjectMapping: 0.878900 ms MarkObjects: 22.274900 ms  DeleteObjects: 1.648700 ms)

Prepare: number of updated asset objects reloaded= 0
========================================================================
Received Import Request.
  Time of request: 2026-09-29T19:25:28.3539618Z
  Time since last request: 175.9918179 seconds.
  importAddress: GUID: 68d93eff07252394dafedc22ff46967e - Path: Assets/Prefab/PipePair.prefab - Importer: PreviewImporter
Importing 'GUID: 68d93eff07252394dafedc22ff46967e - Path: Assets/Prefab/PipePair.prefab - Importer: PreviewImporter' with importer (PreviewImporter)
Imported 'GUID: 68d93eff07252394dafedc22ff46967e' -> (Import Result ID: '38ec78f581abdacbc6d6d4eb16ed4c88') in 2.560 seconds [static and dynamic dependencies]. Details - ImportResultOutputID=efca1f68eb9eb42d12e7e2e7c4b17698 DependenciesID=60102b7c127090591ad331e5a176fddd StaticDependenciesID=9ecf069ca642c9a5e1a4a47a23832158 
Number of updated asset objects reloaded before import = 0
Number of asset objects unloaded after import = 37
========================================================================
Received Prepare
AcceleratorClientConnectionCallback - disconnected - :0
Refreshing native plugins compatible for Editor in 4.41 ms, found 5 plugins.
Unloading 24 Unused Serialized files (Serialized files now loaded: 0)
Unloading 24 unused Assets / (3.0 MB). Loaded Objects now: 8652.
Memory consumption went from 396.4 MB to 393.3 MB.
Total: 20.783300 ms (FindLiveObjects: 1.132400 ms CreateObjectMapping: 1.041400 ms MarkObjects: 17.014600 ms  DeleteObjects: 1.143900 ms)

Prepare: number of updated asset objects reloaded= 0
========================================================================
Received Prepare
AcceleratorClientConnectionCallback - disconnected - :0
Refreshing native plugins compatible for Editor in 4.00 ms, found 5 plugins.
Unloading 24 Unused Serialized files (Serialized files now loaded: 0)
Unloading 24 unused Assets / (3.0 MB). Loaded Objects now: 8652.
Memory consumption went from 399.4 MB to 396.4 MB.
Total: 17.524300 ms (FindLiveObjects: 1.075700 ms CreateObjectMapping: 1.069700 ms MarkObjects: 13.532000 ms  DeleteObjects: 1.258400 ms)

Prepare: number of updated asset objects reloaded= 0
========================================================================
Received Prepare
AcceleratorClientConnectionCallback - disconnected - :0
Refreshing native plugins compatible for Editor in 5.63 ms, found 5 plugins.
Unloading 24 Unused Serialized files (Serialized files now loaded: 0)
Unloading 24 unused Assets / (3.0 MB). Loaded Objects now: 8652.
Memory consumption went from 402.5 MB to 399.4 MB.
Total: 40.933600 ms (FindLiveObjects: 1.302900 ms CreateObjectMapping: 0.713800 ms MarkObjects: 37.215100 ms  DeleteObjects: 1.261600 ms)

Prepare: number of updated asset objects reloaded= 0
========================================================================
Received Prepare
AcceleratorClientConnectionCallback - disconnected - :0
Refreshing native plugins compatible for Editor in 6.09 ms, found 5 plugins.
Unloading 24 Unused Serialized files (Serialized files now loaded: 0)
Unloading 24 unused Assets / (3.0 MB). Loaded Objects now: 8652.
Memory consumption went from 405.5 MB to 402.5 MB.
Total: 28.731000 ms (FindLiveObjects: 1.649000 ms CreateObjectMapping: 3.323300 ms MarkObjects: 22.065800 ms  DeleteObjects: 1.320000 ms)

Prepare: number of updated asset objects reloaded= 0
========================================================================
Received Prepare
AcceleratorClientConnectionCallback - disconnected - :0
Refreshing native plugins compatible for Editor in 4.43 ms, found 5 plugins.
Unloading 24 Unused Serialized files (Serialized files now loaded: 0)
Unloading 24 unused Assets / (3.1 MB). Loaded Objects now: 8652.
Memory consumption went from 408.5 MB to 405.5 MB.
Total: 16.852700 ms (FindLiveObjects: 1.117300 ms CreateObjectMapping: 1.070200 ms MarkObjects: 12.932300 ms  DeleteObjects: 1.231700 ms)

Prepare: number of updated asset objects reloaded= 0
========================================================================
Received Prepare
AcceleratorClientConnectionCallback - disconnected - :0
Refreshing native plugins compatible for Editor in 4.75 ms, found 5 plugins.
Unloading 24 Unused Serialized files (Serialized files now loaded: 0)
Unloading 24 unused Assets / (3.1 MB). Loaded Objects now: 8652.
Memory consumption went from 411.6 MB to 408.5 MB.
Total: 20.521600 ms (FindLiveObjects: 1.362300 ms CreateObjectMapping: 0.703100 ms MarkObjects: 16.081200 ms  DeleteObjects: 1.797400 ms)

Prepare: number of updated asset objects reloaded= 0
========================================================================
Received Prepare
AcceleratorClientConnectionCallback - disconnected - :0
Refreshing native plugins compatible for Editor in 8.08 ms, found 5 plugins.
Unloading 24 Unused Serialized files (Serialized files now loaded: 0)
Unloading 24 unused Assets / (2.9 MB). Loaded Objects now: 8652.
Memory consumption went from 414.6 MB to 411.7 MB.
Total: 304.628300 ms (FindLiveObjects: 11.700700 ms CreateObjectMapping: 2.482200 ms MarkObjects: 287.517900 ms  DeleteObjects: 1.700600 ms)

Prepare: number of updated asset objects reloaded= 0
Editor requested this worker to shutdown with reason: Editor is closing down
AcceleratorClientConnectionCallback - disconnected - :0
Curl error 42: Callback aborted
AssetImportWorker is now disconnected from the server
Process exiting
[ExitDontLaunchBugReporter] Exiting without the bug reporter. Application will exit with return code 0
